// Jest Snapshot v1, https://goo.gl/fbAQLP

exports[`Bubble renders with theme 1`] = `
<div
  className="css-1pt9r9f e12o4ec70"
  type="user"
>
  <div
    className="css-h1bspy ebzut8o0"
  />
  <div
    className="css-hth5us e193rrgr0"
    type="user"
  >
    <div
      dangerouslySetInnerHTML={
        Object {
          "__html": "<p><strong>Here&#39;s the forecast: Tonight will start dry with clear periods.</strong> Cloud may thicken through the last few hours of the night. A gentle southwesterly breeze can be expected.</p>
",
        }
      }
    />
    <div
      className="css-1fwbb47 e193rrgr1"
    >
      <time
        dateTime={"2018-09-13T13:10:13.000Z"}
      >
        14:10pm
      </time>
    </div>
  </div>
</div>
`;
